// Vitest Snapshot v1, https://vitest.dev/guide/snapshot.html

exports[`parse-time guard → hint pairing > every argParser guard resolves a hint that answers its own message 1`] = `
"ib attachment list --limit <n>
  ! --limit must be an integer >= 1
  > pass a positive integer; this command caps at 500, so narrow by entity rather than raising the cap

ib attachment search --limit <n>
  ! --limit must be an integer >= 1
  > pass a positive integer; this command caps at 500, so narrow the search term rather than raising the cap

ib auth switch --to <asiakasId>
  ! --to must be an integer >= 1
  > (no hint)

ib betoni attr get --owner <id>
  ! --owner must be an integer >= 1
  > (no hint)

ib betoni attr list --owner <id>
  ! --owner must be an integer >= 1
  > (no hint)

ib betoni laatu get --asiakas <id>
  ! --asiakas must be an integer >= 1
  > (no hint)

ib betoni laatu list --asiakas <id>
  ! --asiakas must be an integer >= 1
  > (no hint)

ib changelog add --feedback <ids>
  ! --feedback must be an integer >= 1 (empty element in "")
  > (no hint)

ib changelog add --feedback <ids>
  ! --feedback must be an integer >= 1 (got "-5")
  > (no hint)

ib changelog add --feedback <ids>
  ! --feedback must be an integer >= 1 (got "abc")
  > (no hint)

ib changelog list --feedback <id>
  ! --feedback must be an integer >= 1
  > (no hint)

ib changelog update --feedback <ids>
  ! --feedback must be an integer >= 1 (empty element in "")
  > (no hint)

ib changelog update --feedback <ids>
  ! --feedback must be an integer >= 1 (got "-5")
  > (no hint)

ib changelog update --feedback <ids>
  ! --feedback must be an integer >= 1 (got "abc")
  > (no hint)

ib changelog update --unlink <ids>
  ! --unlink must be an integer >= 1 (empty element in "")
  > (no hint)

ib changelog update --unlink <ids>
  ! --unlink must be an integer >= 1 (got "-5")
  > (no hint)

ib changelog update --unlink <ids>
  ! --unlink must be an integer >= 1 (got "abc")
  > (no hint)

ib company switch --to <asiakasId>
  ! --to must be an integer >= 1
  > (no hint)

ib customer dead-list --limit <n>
  ! --limit must be an integer >= 1
  > pass a positive integer; this command caps at 500 and has no narrowing filter — raise --limit if you need more than the 200 default

ib customer list --limit <n>
  ! --limit must be an integer >= 1
  > pass a positive integer; this command caps at 500 — page past it with \`--cursor\` from the previous response's \`nextCursor\`

ib customer log --limit <n>
  ! --limit must be an integer >= 1
  > pass a positive integer; this cursor-less route caps at 500 and has no narrowing filter — raise --limit to reach older rows

ib customer merge --owner <id>
  ! --owner must be an integer >= 1
  > --owner takes an ownerAsiakasId (an integer) — omit it entirely to read the active company, or resolve one with \`ib company list\`

ib customer search --limit <n>
  ! --limit must be an integer >= 1
  > pass a positive integer; this is a search cap (default 50), so narrow the search term rather than raising it

ib dev changelog add --feedback <ids>
  ! --feedback must be an integer >= 1 (empty element in "")
  > (no hint)

ib dev changelog add --feedback <ids>
  ! --feedback must be an integer >= 1 (got "-5")
  > (no hint)

ib dev changelog add --feedback <ids>
  ! --feedback must be an integer >= 1 (got "abc")
  > (no hint)

ib dev changelog list --feedback <id>
  ! --feedback must be an integer >= 1
  > (no hint)

ib dev changelog update --feedback <ids>
  ! --feedback must be an integer >= 1 (empty element in "")
  > (no hint)

ib dev changelog update --feedback <ids>
  ! --feedback must be an integer >= 1 (got "-5")
  > (no hint)

ib dev changelog update --feedback <ids>
  ! --feedback must be an integer >= 1 (got "abc")
  > (no hint)

ib dev changelog update --unlink <ids>
  ! --unlink must be an integer >= 1 (empty element in "")
  > (no hint)

ib dev changelog update --unlink <ids>
  ! --unlink must be an integer >= 1 (got "-5")
  > (no hint)

ib dev changelog update --unlink <ids>
  ! --unlink must be an integer >= 1 (got "abc")
  > (no hint)

ib dev schema procs --limit <n>
  ! --limit must be an integer >= 1
  > pass a positive integer; max is 1000, and the 200 default returns a PARTIAL catalogue (dbo holds ~535 procs) — pass \`--limit 1000\` whenever you intend to enumerate

ib dev schema rows --limit <n>
  ! --limit must be an integer >= 1
  > pass a positive integer; max is 1000

ib dev schema snapshots --limit <n>
  ! --limit must be an integer >= 1
  > pass a positive integer; max is 1000

ib dev schema tables --limit <n>
  ! --limit must be an integer >= 1
  > pass a positive integer; max is 1000, and the 200 default returns a PARTIAL catalogue (dbo holds ~240 tables) — pass \`--limit 1000\` whenever you intend to enumerate

ib dev schema triggers --limit <n>
  ! --limit must be an integer >= 1
  > pass a positive integer; max is 1000, and the 200 default returns a PARTIAL catalogue — pass \`--limit 1000\` whenever you intend to enumerate

ib dev schema views --limit <n>
  ! --limit must be an integer >= 1
  > pass a positive integer; max is 1000, and the 200 default returns a PARTIAL catalogue — pass \`--limit 1000\` whenever you intend to enumerate

ib jerry admin onboarding events --limit <n>
  ! --limit must be an integer >= 1
  > pass a positive integer; this only keeps the newest N client-side and sets \`truncated\` — OMIT \`--limit\` to keep every event

ib jerry admin onboarding log --time <iso>
  ! --time: not a valid ISO 8601 timestamp: "-5". Use Helsinki wall-clock (2026-08-11T12:00) or a zoned form (2026-08-11T12:00:00+03:00, 2026-08-11T09:00:00Z).
  > pass Helsinki wall-clock (2026-08-11T12:00) or a zoned form (2026-08-11T12:00:00+03:00)

ib jerry admin onboarding log --time <iso>
  ! --time: not a valid ISO 8601 timestamp: "abc". Use Helsinki wall-clock (2026-08-11T12:00) or a zoned form (2026-08-11T12:00:00+03:00, 2026-08-11T09:00:00Z).
  > pass Helsinki wall-clock (2026-08-11T12:00) or a zoned form (2026-08-11T12:00:00+03:00)

ib jerry admin onboarding note --time <iso>
  ! --time: not a valid ISO 8601 timestamp: "-5". Use Helsinki wall-clock (2026-08-11T12:00) or a zoned form (2026-08-11T12:00:00+03:00, 2026-08-11T09:00:00Z).
  > pass Helsinki wall-clock (2026-08-11T12:00) or a zoned form (2026-08-11T12:00:00+03:00)

ib jerry admin onboarding note --time <iso>
  ! --time: not a valid ISO 8601 timestamp: "abc". Use Helsinki wall-clock (2026-08-11T12:00) or a zoned form (2026-08-11T12:00:00+03:00, 2026-08-11T09:00:00Z).
  > pass Helsinki wall-clock (2026-08-11T12:00) or a zoned form (2026-08-11T12:00:00+03:00)

ib jerry admin request list --customer <id>
  ! --customer must be an integer >= 1
  > pass a positive integer; resolve an asiakasId with \`ib company list\`

ib jerry admin request list --limit <n>
  ! --limit must be an integer >= 1
  > pass a positive integer; resolve an asiakasId with \`ib company list\`

ib jerry admin request list --provider <id>
  ! --provider must be an integer >= 1
  > pass a positive integer; resolve an asiakasId with \`ib company list\`

ib jerry admin searches list --limit <n>
  ! --limit must be an integer >= 1
  > pass a positive integer; max is 500, so narrow the window with \`--from\` / \`--to\` rather than raising the cap

ib jerry request list --limit <n>
  ! --limit must be an integer >= 1
  > pass a positive integer; the server caps \`--mine\` at 200, so narrow with \`--status\` rather than raising the cap

ib keikka list --limit <n>
  ! --limit must be an integer >= 1
  > pass a positive integer; this command caps at 500 — page past it with \`--cursor\` from the previous response's \`nextCursor\`, or narrow with \`--from\` / \`--to\`

ib keikka log --limit <n>
  ! --limit must be an integer >= 1
  > pass a positive integer; this cursor-less route caps at 500 — raise --limit to reach older rows (\`--field\` only narrows the page you already fetched)

ib keikka log --owner <id>
  ! --owner must be an integer >= 1
  > --owner takes an ownerAsiakasId (an integer) — omit it entirely to read the active company, or resolve one with \`ib company list\`

ib legal acceptances --limit <n>
  ! --limit must be an integer >= 1
  > pass a positive integer; this command caps at 500 — narrow with \`--doc-version\` rather than raising the cap

ib log by-entity-date --limit <n>
  ! --limit must be an integer >= 1
  > use --entity-type keikka|palkki and ISO dates or today/yesterday/tomorrow

ib log by-entity-date --owner <id>
  ! --owner must be an integer >= 1
  > --owner takes an ownerAsiakasId (an integer) — omit it entirely to read the active company, or resolve one with \`ib company list\`

ib log entity --limit <n>
  ! --limit must be an integer >= 1
  > ib log types

ib log entity --owner <id>
  ! --owner must be an integer >= 1
  > --owner takes an ownerAsiakasId (an integer) — omit it entirely to read the active company, or resolve one with \`ib company list\`

ib log latest --limit <n>
  ! --limit must be an integer >= 1
  > pass a positive integer; the server caps at 500 — use \`ib log range --from/--to\` to reach older rows

ib log latest --owner <id>
  ! --owner must be an integer >= 1
  > --owner takes an ownerAsiakasId (an integer) — omit it entirely to read the active company, or resolve one with \`ib company list\`

ib log range --limit <n>
  ! --limit must be an integer >= 1
  > pass a positive integer; rows are kept client-side and cap at 2000 — narrow \`--from\` / \`--to\` rather than raising the cap

ib log range --owner <id>
  ! --owner must be an integer >= 1
  > --owner takes an ownerAsiakasId (an integer) — omit it entirely to read the active company, or resolve one with \`ib company list\`

ib log range --person <personId>
  ! --person must be an integer >= 1
  > (no hint)

ib log user --limit <n>
  ! --limit must be an integer >= 1
  > pass a positive integer; this cursor-less route caps at 500 — raise --limit, or use \`ib log range --person <id> --from\`/\`--to\` for a date-ranged view

ib log user --owner <id>
  ! --owner must be an integer >= 1
  > --owner takes an ownerAsiakasId (an integer) — omit it entirely to read the active company, or resolve one with \`ib company list\`

ib notification fcm send --data <json>
  ! --data must be a JSON object
  > received: -5

ib notification fcm send --data <json>
  ! Invalid --data JSON: Unexpected end of JSON input
  > received: 

ib notification fcm send --data <json>
  ! Invalid --data JSON: Unexpected token 'a', "abc" is not valid JSON
  > received: abc

ib opendata weather day --lat <n>
  ! --lat must be a number
  > pass decimal degrees, e.g. --lat 60.17 --lng 24.94

ib opendata weather day --lng <n>
  ! --lng must be a number
  > pass decimal degrees, e.g. --lat 60.17 --lng 24.94

ib opendata weather forecast --lat <n>
  ! --lat must be a number
  > pass decimal degrees, e.g. --lat 60.1699 --lng 24.9384

ib opendata weather forecast --lng <n>
  ! --lng must be a number
  > pass decimal degrees, e.g. --lat 60.1699 --lng 24.9384

ib opendata weather pumping --duration <min>
  ! --duration must be an integer >= 1
  > pass decimal degrees and whole minutes, e.g. --lat 60.17 --lng 24.94 --duration 120

ib opendata weather pumping --keikka <id>
  ! --keikka must be an integer >= 1
  > pass decimal degrees and whole minutes, e.g. --lat 60.17 --lng 24.94 --duration 120

ib opendata weather pumping --lat <n>
  ! --lat must be a number
  > pass decimal degrees and whole minutes, e.g. --lat 60.17 --lng 24.94 --duration 120

ib opendata weather pumping --lng <n>
  ! --lng must be a number
  > pass decimal degrees and whole minutes, e.g. --lat 60.17 --lng 24.94 --duration 120

ib person list --limit <n>
  ! --limit must be an integer >= 1
  > pass a positive integer; this command caps at 500, so narrow with the company/role filters rather than raising the cap

ib person log --limit <n>
  ! --limit must be an integer >= 1
  > pass a positive integer; this cursor-less route caps at 500 — raise --limit to reach older rows (\`--field\` only narrows the page you already fetched)

ib person log --owner <id>
  ! --owner must be an integer >= 1
  > --owner takes an ownerAsiakasId (an integer) — omit it entirely to read the active company, or resolve one with \`ib company list\`

ib person merge --owner <id>
  ! --owner must be an integer >= 1
  > --owner takes an ownerAsiakasId (an integer) — omit it entirely to read the active company, or resolve one with \`ib company list\`

ib person notify --data <json>
  ! --data must be a JSON object
  > received: -5

ib person notify --data <json>
  ! Invalid --data JSON: Unexpected end of JSON input
  > received: 

ib person notify --data <json>
  ! Invalid --data JSON: Unexpected token 'a', "abc" is not valid JSON
  > received: abc

ib person search --limit <n>
  ! --limit must be an integer >= 1
  > pass a positive integer; this is a search cap (default 50), so narrow the search term rather than raising it

ib reference detail list --limit <n>
  ! --limit must be an integer >= 1
  > pass a positive integer; a bad cap is rejected rather than dropped, which would silently return the WHOLE catalog

ib reference detail list --stalest <n>
  ! --stalest must be an integer >= 1
  > pass a positive integer; a bad cap is rejected rather than dropped, which would silently return the WHOLE catalog

ib schema procs --limit <n>
  ! --limit must be an integer >= 1
  > pass a positive integer; max is 1000, and the 200 default returns a PARTIAL catalogue (dbo holds ~535 procs) — pass \`--limit 1000\` whenever you intend to enumerate

ib schema rows --limit <n>
  ! --limit must be an integer >= 1
  > pass a positive integer; max is 1000

ib schema snapshots --limit <n>
  ! --limit must be an integer >= 1
  > pass a positive integer; max is 1000

ib schema tables --limit <n>
  ! --limit must be an integer >= 1
  > pass a positive integer; max is 1000, and the 200 default returns a PARTIAL catalogue (dbo holds ~240 tables) — pass \`--limit 1000\` whenever you intend to enumerate

ib schema triggers --limit <n>
  ! --limit must be an integer >= 1
  > pass a positive integer; max is 1000, and the 200 default returns a PARTIAL catalogue — pass \`--limit 1000\` whenever you intend to enumerate

ib schema views --limit <n>
  ! --limit must be an integer >= 1
  > pass a positive integer; max is 1000, and the 200 default returns a PARTIAL catalogue — pass \`--limit 1000\` whenever you intend to enumerate

ib sijainti closest --asiakas <id>
  ! --asiakas must be an integer >= 1
  > name the worksite once (--worksite OR --tyomaa) and pass integer ids

ib sijainti closest --tyomaa <id>
  ! --tyomaa must be an integer >= 1
  > name the worksite once (--worksite OR --tyomaa) and pass integer ids

ib sijainti closest --type <id>
  ! --type must be an integer >= 1
  > name the worksite once (--worksite OR --tyomaa) and pass integer ids

ib sijainti closest --worksite <id>
  ! --worksite must be an integer >= 1
  > name the worksite once (--worksite OR --tyomaa) and pass integer ids

ib sijainti list --limit <n>
  ! --limit must be an integer >= 1
  > pass a positive integer; this command caps at 500, so narrow by type rather than raising the cap

ib sijainti plants --limit <n>
  ! --limit must be an integer >= 1
  > pass a numeric asiakasId (see ownerAsiakasId in the output, or resolve the company via \`ib search <name>\`)

ib task add --asiakas <id>
  ! --asiakas must be an integer >= 1
  > --title, --executor (human|ai) and one of --cadence (<count>/<unit>) or --once are required (from flags or --from-json); --agent must be claude|hermes; unit must be day|week|month, count 1-120; --assignee/--asiakas/--feedback must be integers

ib task add --assignee <personId>
  ! --assignee must be an integer >= 1
  > --title, --executor (human|ai) and one of --cadence (<count>/<unit>) or --once are required (from flags or --from-json); --agent must be claude|hermes; unit must be day|week|month, count 1-120; --assignee/--asiakas/--feedback must be integers

ib task add --feedback <id>
  ! --feedback must be an integer >= 1
  > --title, --executor (human|ai) and one of --cadence (<count>/<unit>) or --once are required (from flags or --from-json); --agent must be claude|hermes; unit must be day|week|month, count 1-120; --assignee/--asiakas/--feedback must be integers

ib task list --asiakas <id>
  ! --asiakas must be an integer >= 1
  > --executor must be human|ai; --agent must be claude|hermes; --assignee/--asiakas/--limit/--offset must be integers

ib task list --assignee <personId>
  ! --assignee must be an integer >= 1
  > --executor must be human|ai; --agent must be claude|hermes; --assignee/--asiakas/--limit/--offset must be integers

ib task list --limit <n>
  ! --limit must be an integer >= 1
  > --executor must be human|ai; --agent must be claude|hermes; --assignee/--asiakas/--limit/--offset must be integers

ib task list --offset <n>
  ! --offset must be an integer >= 0
  > --executor must be human|ai; --agent must be claude|hermes; --assignee/--asiakas/--limit/--offset must be integers

ib task log --limit <n>
  ! --limit must be an integer >= 1
  > pass a positive integer; this command caps at 200, so narrow by task rather than raising the cap

ib task set --asiakas <id>
  ! --asiakas must be an integer >= 1
  > provide at least one field; --activate/--deactivate and enum values as documented; --assignee/--asiakas must be integers

ib task set --assignee <personId>
  ! --assignee must be an integer >= 1
  > provide at least one field; --activate/--deactivate and enum values as documented; --assignee/--asiakas must be integers

ib vehicle list --limit <n>
  ! --limit must be an integer >= 1
  > pass a positive integer; this command caps at 500 — page past it with \`--cursor\` from the previous response's \`nextCursor\`

ib vehicle log --limit <n>
  ! --limit must be an integer >= 1
  > pass a positive integer; this cursor-less route caps at 500 — raise --limit to reach older rows (\`--field\` only narrows the page you already fetched)

ib vehicle log --owner <id>
  ! --owner must be an integer >= 1
  > --owner takes an ownerAsiakasId (an integer) — omit it entirely to read the active company, or resolve one with \`ib company list\`

ib vehicle search --limit <n>
  ! --limit must be an integer >= 1
  > pass a positive integer; this command caps at 500, so narrow the search term rather than raising the cap

ib weather day --lat <n>
  ! --lat must be a number
  > pass decimal degrees, e.g. --lat 60.17 --lng 24.94

ib weather day --lng <n>
  ! --lng must be a number
  > pass decimal degrees, e.g. --lat 60.17 --lng 24.94

ib weather forecast --lat <n>
  ! --lat must be a number
  > pass decimal degrees, e.g. --lat 60.1699 --lng 24.9384

ib weather forecast --lng <n>
  ! --lng must be a number
  > pass decimal degrees, e.g. --lat 60.1699 --lng 24.9384

ib weather pumping --duration <min>
  ! --duration must be an integer >= 1
  > pass decimal degrees and whole minutes, e.g. --lat 60.17 --lng 24.94 --duration 120

ib weather pumping --keikka <id>
  ! --keikka must be an integer >= 1
  > pass decimal degrees and whole minutes, e.g. --lat 60.17 --lng 24.94 --duration 120

ib weather pumping --lat <n>
  ! --lat must be a number
  > pass decimal degrees and whole minutes, e.g. --lat 60.17 --lng 24.94 --duration 120

ib weather pumping --lng <n>
  ! --lng must be a number
  > pass decimal degrees and whole minutes, e.g. --lat 60.17 --lng 24.94 --duration 120

ib worksite list --limit <n>
  ! --limit must be an integer >= 1
  > pass a positive integer; this command caps at 500 — page past it with \`--cursor\` from the previous response's \`nextCursor\`

ib worksite log --limit <n>
  ! --limit must be an integer >= 1
  > pass a positive integer; this cursor-less route caps at 500 — raise --limit to reach older rows (\`--field\` only narrows the page you already fetched)

ib worksite log --owner <id>
  ! --owner must be an integer >= 1
  > --owner takes an ownerAsiakasId (an integer) — omit it entirely to read the active company, or resolve one with \`ib company list\`

ib worksite merge --owner <id>
  ! --owner must be an integer >= 1
  > --owner takes an ownerAsiakasId (an integer) — omit it entirely to read the active company, or resolve one with \`ib company list\`

ib worksite search --limit <n>
  ! --limit must be an integer >= 1
  > pass a positive integer; the backend caps at 100, so narrow the search term rather than raising the cap"
`;
